app_thread.c:253:6:APP_THREAD_Init	16	static
app_thread.c:313:6:APP_THREAD_Error	16	static
app_thread.c:364:13:APP_THREAD_DeviceConfig	16	static
app_thread.c:484:13:APP_THREAD_StateNotif	16	static
app_thread.c:539:13:APP_THREAD_TraceError	16	static
app_thread.c:552:13:APP_THREAD_CheckWirelessFirmwareInfo	40	static
app_thread.c:593:13:APP_THREAD_FreeRTOSProcessMsgM0ToM4Task	16	static
app_thread.c:610:13:APP_THREAD_FreeRTOSSendCLIToM0Task	16	static
app_thread.c:639:13:APP_THREAD_CoapNodeSpotRequestHandler	48	static
app_thread.c:666:13:APP_THREAD_CoapNodeCalRequestHandler	32	static
app_thread.c:789:6:APP_THREAD_SendMyInfo	24	static
app_thread.c:814:13:APP_THREAD_CoapSendDataResponse	32	static
app_thread.c:891:6:APP_THREAD_SendCoapMsg	40	static
app_thread.c:1020:6:APP_THREAD_RegisterCmdBuffer	16	static
app_thread.c:1025:26:THREAD_Get_OTCmdPayloadBuffer	4	static
app_thread.c:1030:26:THREAD_Get_OTCmdRspPayloadBuffer	4	static
app_thread.c:1035:26:THREAD_Get_NotificationPayloadBuffer	4	static
app_thread.c:1047:6:Ot_Cmd_Transfer	16	static
app_thread.c:1068:6:TL_OT_CmdEvtReceived	16	static
app_thread.c:1082:6:TL_THREAD_NotReceived	16	static
app_thread.c:1097:6:Pre_OtCmdProcessing	4	static
app_thread.c:1108:13:Wait_Getting_Ack_From_M0	4	static
app_thread.c:1123:13:Receive_Ack_From_M0	4	static
app_thread.c:1134:13:Receive_Notification_From_M0	8	static
app_thread.c:1143:13:RxCpltCallback	8	static
app_thread.c:1210:13:Send_CLI_To_M0	8	static
app_thread.c:1231:13:Send_CLI_Ack_For_OT	8	static
app_thread.c:1243:6:APP_THREAD_Init_UART_CLI	8	static
app_thread.c:1262:6:APP_THREAD_TL_THREAD_INIT	8	static
app_thread.c:1277:6:TL_THREAD_CliNotReceived	24	static
app_thread.c:1304:6:HostTxCb	8	static
app_thread.c:1314:6:APP_THREAD_ProcessMsgM0ToM4	8	static
