app_thread.c:253:6:APP_THREAD_Init	16	static
app_thread.c:313:6:APP_THREAD_Error	16	static
app_thread.c:364:13:APP_THREAD_DeviceConfig	16	static
app_thread.c:484:13:APP_THREAD_StateNotif	16	static
app_thread.c:539:13:APP_THREAD_TraceError	16	static
app_thread.c:552:13:APP_THREAD_CheckWirelessFirmwareInfo	40	static
app_thread.c:593:13:APP_THREAD_FreeRTOSProcessMsgM0ToM4Task	16	static
app_thread.c:610:13:APP_THREAD_FreeRTOSSendCLIToM0Task	16	static
app_thread.c:639:13:APP_THREAD_CoapNodeSpotRequestHandler	48	static
app_thread.c:666:13:APP_THREAD_CoapNodeCalRequestHandler	32	static
app_thread.c:787:6:APP_THREAD_SendMyInfo	24	static
app_thread.c:812:13:APP_THREAD_CoapSendDataResponse	32	static
app_thread.c:889:6:APP_THREAD_SendCoapMsg	40	static
app_thread.c:1018:6:APP_THREAD_RegisterCmdBuffer	16	static
app_thread.c:1023:26:THREAD_Get_OTCmdPayloadBuffer	4	static
app_thread.c:1028:26:THREAD_Get_OTCmdRspPayloadBuffer	4	static
app_thread.c:1033:26:THREAD_Get_NotificationPayloadBuffer	4	static
app_thread.c:1045:6:Ot_Cmd_Transfer	16	static
app_thread.c:1066:6:TL_OT_CmdEvtReceived	16	static
app_thread.c:1080:6:TL_THREAD_NotReceived	16	static
app_thread.c:1095:6:Pre_OtCmdProcessing	4	static
app_thread.c:1106:13:Wait_Getting_Ack_From_M0	4	static
app_thread.c:1121:13:Receive_Ack_From_M0	4	static
app_thread.c:1132:13:Receive_Notification_From_M0	8	static
app_thread.c:1141:13:RxCpltCallback	8	static
app_thread.c:1208:13:Send_CLI_To_M0	8	static
app_thread.c:1229:13:Send_CLI_Ack_For_OT	8	static
app_thread.c:1241:6:APP_THREAD_Init_UART_CLI	8	static
app_thread.c:1260:6:APP_THREAD_TL_THREAD_INIT	8	static
app_thread.c:1275:6:TL_THREAD_CliNotReceived	24	static
app_thread.c:1302:6:HostTxCb	8	static
app_thread.c:1312:6:APP_THREAD_ProcessMsgM0ToM4	8	static
