stm32wbxx_it.c:73:6:NMI_Handler	4	static
stm32wbxx_it.c:88:6:HardFault_Handler	4	static
stm32wbxx_it.c:103:6:MemManage_Handler	4	static
stm32wbxx_it.c:118:6:BusFault_Handler	4	static
stm32wbxx_it.c:133:6:UsageFault_Handler	4	static
stm32wbxx_it.c:148:6:DebugMon_Handler	4	static
stm32wbxx_it.c:168:6:USB_LP_IRQHandler	8	static
stm32wbxx_it.c:182:6:TIM1_UP_TIM16_IRQHandler	8	static
stm32wbxx_it.c:196:6:I2C1_EV_IRQHandler	8	static
stm32wbxx_it.c:210:6:HSEM_IRQHandler	8	static
stm32wbxx_it.c:222:6:RTC_WKUP_IRQHandler	8	static
stm32wbxx_it.c:226:6:IPCC_C1_TX_IRQHandler	8	static
stm32wbxx_it.c:231:6:IPCC_C1_RX_IRQHandler	8	static
